// Compilers view of MMU. Note these values are determined by the origin statements in the BIOS.
//Segment           Origin     Size
Root Code           0000:0000    0024f9
Root Data           0010:b800    00058b
Xmem Code           0000:e000    0007bc



// Function mapping and source reference.
// * The size of labels is indeterminate and so is denoted with an asterisk.
//  Addr     Size   Function                        File                         Line Num
    1405     1185   decodeFEBox                     \DECODFECB.C                       14
    18a6      313   convertdB                       \DECODFECB.C                      163
    19df     1170   decodeCommonBox                 \DECODFECB.C                      184
    1e71      106   copyTmpBuf                      \DECODFECB.C                      291
    1edb     1538   decodeResponse                  \DECODFECB.C                      302


// Global/static data symbol mapping and source reference.
//  Addr     Size   Symbol                          File                         Line Num  Type
 0010:b3c3        4   dkSendChar                      \DKCORE.LIB                      2605  struct __dksendchar
 0010:b3b7       12   sxd                             \RS232.LIB                        487  struct _sxd *[] 
 0010:b3b5        2   noise_cal                       \DECODFECB.C                        7  int             
 0010:b375       64   tmpbuf                          \DECODFECB.C                        8  char[]          
 0010:b275      256   stmpbuf                         \DECODFECB.C                        8  char[]          
 0010:0568        2   _orgtablesize                   \Rabbitbios.c                      43  int             
 0010:056a        0   _orgtable                       \Rabbitbios.c                      44  struct _orgtable[]

// Parameter and local auto symbol mapping and source reference.
//Offset Rel. to     Size   Symbol                          File                         Line Num  Type
      50      SP        2   decodeFEBox:BoxNum              \DECODFECB.C                       14  int             
      46      SP        2   decodeFEBox:t                   \DECODFECB.C                       16  int             
      44      SP        2   decodeFEBox:sub_band            \DECODFECB.C                       16  int             
      42      SP        2   decodeFEBox:wal_stat            \DECODFECB.C                       16  int             
      38      SP        4   decodeFEBox:vn1                 \DECODFECB.C                       17  float           
      34      SP        4   decodeFEBox:vn2                 \DECODFECB.C                       17  float           
      30      SP        4   decodeFEBox:vp1                 \DECODFECB.C                       17  float           
      26      SP        4   decodeFEBox:vp2                 \DECODFECB.C                       17  float           
      22      SP        4   decodeFEBox:vref1               \DECODFECB.C                       17  float           
      18      SP        4   decodeFEBox:vref2               \DECODFECB.C                       17  float           
      14      SP        4   decodeFEBox:vwf1                \DECODFECB.C                       17  float           
      10      SP        4   decodeFEBox:vwf2                \DECODFECB.C                       17  float           
       6      SP        4   decodeFEBox:tp_fe               \DECODFECB.C                       17  float           
       2      SP        4   decodeFEBox:tp_lna              \DECODFECB.C                       17  float           
       0      SP        2   decodeFEBox:rf_stat             \DECODFECB.C                       18  int             
      66      SP        4   convertdB:pval                  \DECODFECB.C                      163  float           
      70      SP        2   convertdB:Box                   \DECODFECB.C                      163  int             
      44      SP       20   convertdB:a                     \DECODFECB.C                      165  float[]         
      24      SP       20   convertdB:b                     \DECODFECB.C                      166  float[]         
       4      SP       20   convertdB:c                     \DECODFECB.C                      167  float[]         
       0      SP        4   convertdB:powerdB               \DECODFECB.C                      168  float           
       4      SP        2   decodeCommonBox:i               \DECODFECB.C                      186  int             
       2      SP        2   decodeCommonBox:j               \DECODFECB.C                      186  int             
       0      SP        2   decodeCommonBox:pt              \DECODFECB.C                      186  int             
       4      SP        2   copyTmpBuf:tmpbuf               \DECODFECB.C                      291  char *          
       6      SP        2   copyTmpBuf:rptr                 \DECODFECB.C                      291  char *          
       8      SP        2   copyTmpBuf:siz                  \DECODFECB.C                      291  int             
       0      SP        2   copyTmpBuf:i                    \DECODFECB.C                      293  int             
      78      SP        2   decodeResponse:i                \DECODFECB.C                      304  int             
      76      SP        2   decodeResponse:rawDataLen       \DECODFECB.C                      304  int             
      74      SP        2   decodeResponse:remRespLen       \DECODFECB.C                      304  int             
      72      SP        2   decodeResponse:nCmdResps        \DECODFECB.C                      304  int             
      70      SP        2   decodeResponse:cnt              \DECODFECB.C                      304  int             
      68      SP        2   decodeResponse:cmdRespLen       \DECODFECB.C                      304  int             
      66      SP        2   decodeResponse:nbLog            \DECODFECB.C                      304  int             
      64      SP        2   decodeResponse:log1Len          \DECODFECB.C                      304  int             
      62      SP        2   decodeResponse:log2Len          \DECODFECB.C                      304  int             
      60      SP        2   decodeResponse:tempSize         \DECODFECB.C                      304  int             
      58      SP        2   decodeResponse:cmdStat          \DECODFECB.C                      306  int             
      56      SP        2   decodeResponse:lowCmd           \DECODFECB.C                      306  int             
      54      SP        2   decodeResponse:lowSubCmd        \DECODFECB.C                      306  int             
      52      SP        2   decodeResponse:mcmnb            \DECODFECB.C                      307  int             
      50      SP        2   decodeResponse:bothMcms         \DECODFECB.C                      307  int             
      48      SP        2   decodeResponse:rcmd             \DECODFECB.C                      311  int             
      46      SP        2   decodeResponse:RxCmdNum         \DECODFECB.C                      311  int             
      44      SP        2   decodeResponse:FEboxNum         \DECODFECB.C                      312  int             
      43      SP        1   decodeResponse:tmp1             \DECODFECB.C                      313  char            
      42      SP        1   decodeResponse:tmp2             \DECODFECB.C                      313  char            
       0      SP       42   decodeResponse:cmdName          \DECODFECB.C                      314  char *[]        


// Macro listing and source reference.
//  Name                           File                         Line Num
   _RESTRICT_WATCHCODE_            
   SETUSERMODE                     \DEFAULT.H                         14
   SETSYSMODE                      \DEFAULT.H                         15
   _system                         \DEFAULT.H                         16
   _SYS_CALL_VARS                  \DEFAULT.H                         17
   _NET_SYSCALL                    \DEFAULT.H                         18
   _rk_printf                      \DEFAULT.H                         19
   _rk_sprintf                     \DEFAULT.H                         20
   DK_ENABLE_BREAKPOINTS           \DEFAULT.H                         28
   DK_ENABLE_ASMSINGLESTEP         \DEFAULT.H                         36
   DK_ENABLE_WATCHEXPRESSIONS      \DEFAULT.H                         44
   DK_ENABLE_TRACING               \DEFAULT.H                         52
   DK_ENABLE_STACK_TRACING         \DEFAULT.H                         60
   DK_SEND_STACK_LENGTH            \DEFAULT.H                         68
   DK_ENABLE_DEBUGKERNEL           \DEFAULT.H                         70
   DK_ENABLE_TRACING               \DEFAULT.H                         77
   DK_ENABLE_STACK_TRACING         \DEFAULT.H                         80
   DK_ENABLE_ASMSINGLESTEP         \DEFAULT.H                         83
   DK_ENABLE_BREAKPOINTS           \DEFAULT.H                         86
   DK_ENABLE_WATCHEXPRESSIONS      \DEFAULT.H                         89
   __RABBIT_H                      \RABBIT.H                          34
   ZWORLD_RESERVED_SIZE            \RABBIT.H                          65
   __DMA_LIB                       \DMA.LIB                           14
   _dma_nodebug                    \DMA.LIB                           21
   DMA_CHANNEL_NONE                \DMA.LIB                           24
   DMA_CHANNEL_ANY                 \DMA.LIB                           28
   DMA_CHANNEL_0                   \DMA.LIB                           30
   DMA_CHANNEL_1                   \DMA.LIB                           31
   DMA_CHANNEL_2                   \DMA.LIB                           32
   DMA_CHANNEL_3                   \DMA.LIB                           33
   DMA_CHANNEL_4                   \DMA.LIB                           34
   DMA_CHANNEL_5                   \DMA.LIB                           35
   DMA_CHANNEL_6                   \DMA.LIB                           36
   DMA_CHANNEL_7                   \DMA.LIB                           37
   DMA_IDP_FIXED                   \DMA.LIB                           48
   DMA_IDP_ROTATE_FINE             \DMA.LIB                           49
   DMA_IDP_ROTATE_COARSE           \DMA.LIB                           50
   DMA_LAST_DESC                   \DMA.LIB                           53
   DMA_LINK_DESC                   \DMA.LIB                           54
   DMA_SRC_IOI                     \DMA.LIB                           55
   DMA_SRC_IOE                     \DMA.LIB                           56
   DMA_SRC_MEMDEC                  \DMA.LIB                           57
   DMA_SRC_MEM                     \DMA.LIB                           58
   DMA_DEST_IOI                    \DMA.LIB                           59
   DMA_DEST_IOE                    \DMA.LIB                           60
   DMA_DEST_MEMDEC                 \DMA.LIB                           61
   DMA_DEST_MEM                    \DMA.LIB                           62
   DMA_F_DEST_DEC                  \DMA.LIB                           65
   DMA_F_SRC_DEC                   \DMA.LIB                           66
   DMA_F_REPEAT                    \DMA.LIB                           67
   DMA_F_INTERRUPT                 \DMA.LIB                           68
   DMA_F_LAST_SPECIAL              \DMA.LIB                           69
   DMA_F_STOP_MATCH                \DMA.LIB                           70
   DMA_F_FALLING                   \DMA.LIB                           71
   DMA_F_RISING                    \DMA.LIB                           72
   DMA_F_LOW                       \DMA.LIB                           73
   DMA_F_HIGH                      \DMA.LIB                           74
   DMA_F_PD2                       \DMA.LIB                           75
   DMA_F_PE2                       \DMA.LIB                           76
   DMA_F_PE6                       \DMA.LIB                           77
   DMA_F_PD3                       \DMA.LIB                           78
   DMA_F_PE3                       \DMA.LIB                           79
   DMA_F_PE7                       \DMA.LIB                           80
   DMA_F_TIMER                     \DMA.LIB                           81
   DMA_F_TIMER_1BPR                \DMA.LIB                           82
   DMA_SC_USB_RX                   \DMA.LIB                           85
   DMA_SC_USB_TX                   \DMA.LIB                           86
   DMA_SC_CS_OFF                   \DMA.LIB                           88
   DMA_SC_DC_SRC                   \DMA.LIB                           90
   DMA_SC_SRC_FIXED                \DMA.LIB                           91
   DMA_SC_DC_DEST                  \DMA.LIB                           92
   DMA_SC_DEST_FIXED               \DMA.LIB                           93
   DMAstartDirect                  \DMA.LIB                          100
   DMAstartAuto                    \DMA.LIB                          101
   DMAstopDirect                   \DMA.LIB                          102
   __MUTILFP_LIB                   \MUTILFP.LIB                      174
   __SYS_LIB                       \SYS.LIB                           15
   _FLAG_PVALID                    \SYS.LIB                           73
   CLKDIV_1                        \SYS.LIB                          524
   CLKDIV_2                        \SYS.LIB                          525
   CLKDIV_4                        \SYS.LIB                          526
   CLKDIV_6                        \SYS.LIB                          527
   CLKDIV_8                        \SYS.LIB                          528
   OSC32DIV_1                      \SYS.LIB                          570
   OSC32DIV_2                      \SYS.LIB                          571
   OSC32DIV_4                      \SYS.LIB                          572
   OSC32DIV_8                      \SYS.LIB                          573
   OSC32DIV_16                     \SYS.LIB                          574
   SetVectExtern3000               \SYS.LIB                          776
   SetVectExtern4000               \SYS.LIB                          777
   GetVectExtern3000               \SYS.LIB                          885
   BitRevTable                     \SYS.LIB                         1299
   TAT1R_RELEASE_REQ               \SYS.LIB                         1328
   TAT1R_BTIMER_REQ                \SYS.LIB                         1330
   TAT1R_CTIMER_REQ                \SYS.LIB                         1331
   TAT1R_A1TIMER_REQ               \SYS.LIB                         1332
   TAT1R_A2TIMER_REQ               \SYS.LIB                         1335
   TAT1R_A3TIMER_REQ               \SYS.LIB                         1336
   TAT1R_A4TIMER_REQ               \SYS.LIB                         1337
   TAT1R_A5TIMER_REQ               \SYS.LIB                         1338
   TAT1R_A6TIMER_REQ               \SYS.LIB                         1339
   TAT1R_A7TIMER_REQ               \SYS.LIB                         1340
   __EXTIO_LIB__                   \EXTERNIO.LIB                      12
   __PWM_LIB__                     \PWM.LIB                           15
   PWM_FREQ_FACTOR                 \PWM.LIB                           32
   PWM_SPREAD                      \PWM.LIB                           85
   PWM_OPENDRAIN                   \PWM.LIB                           86
   PWM_USEPORTC                    \PWM.LIB                           88
   PWM_USEPORTD                    \PWM.LIB                           89
   PWM_USEPORTE                    \PWM.LIB                           90
   PWM_OUTNORMAL                   \PWM.LIB                           92
   PWM_OUTEIGHTH                   \PWM.LIB                           93
   PWM_OUTQUARTER                  \PWM.LIB                           94
   PWM_OUTHALF                     \PWM.LIB                           95
   PWM_INTNORMAL                   \PWM.LIB                           97
   PWM_INTEIGHTH                   \PWM.LIB                           98
   PWM_INTQUARTER                  \PWM.LIB                           99
   PWM_INTHALF                     \PWM.LIB                          100
   PWM_INTOFF                      \PWM.LIB                          102
   PWM_INTPRI1                     \PWM.LIB                          103
   PWM_INTPRI2                     \PWM.LIB                          104
   PWM_INTPRI3                     \PWM.LIB                          105
   __QD_LIB__                      \QD.LIB                            29
   QD_DIVISOR                      \QD.LIB                            32
   QD_OVERFLOW                     \QD.LIB                            34
   QD_UNDERFLOW                    \QD.LIB                            35
   __VBAT_LIB                      \VBAT.LIB                           2
   __LIMITS_H                      \LIMITS.H                          29
   CHAR_BIT                        \LIMITS.H                          31
   UCHAR_MAX                       \LIMITS.H                          32
   SCHAR_MAX                       \LIMITS.H                          33
   SCHAR_MIN                       \LIMITS.H                          34
   CHAR_MAX                        \LIMITS.H                          35
   CHAR_MIN                        \LIMITS.H                          36
   MB_LEN_MAX                      \LIMITS.H                          37
   SHRT_MAX                        \LIMITS.H                          38
   SHRT_MIN                        \LIMITS.H                          39
   USHRT_MAX                       \LIMITS.H                          40
   INT_MAX                         \LIMITS.H                          41
   INT_MIN                         \LIMITS.H                          42
   UINT_MAX                        \LIMITS.H                          43
   LONG_MAX                        \LIMITS.H                          44
   LONG_MIN                        \LIMITS.H                          45
   ULONG_MAX                       \LIMITS.H                          46
   __STDDEF_H                      \STDDEF.H                          28
   NULL                            \STDDEF.H                          41
   offsetof                        \STDDEF.H                          44
   __SETJMP_H                      \SETJMP.H                          28
   __TIME_H                        \TIME.H                            61
   STARTYR                         \TIME.H                            68
   NULL                            \TIME.H                            71
   CLOCKS_PER_SEC                  \TIME.H                            76
   CLK_TCK                         \TIME.H                            77
   _TM_MON_JANUARY                 \TIME.H                           110
   tm_mon2month                    \TIME.H                           111
   month2tm_mon                    \TIME.H                           112
   _TM_MON_DECEMBER                \TIME.H                           114
   __LC_TIME_H                     \LC_TIME.H                         29
   _lc_time_debug                  \LC_TIME.LIB                       30
   _time_debug                     \TIME.C                            31
   clock                           \TIME.C                            41
   __DAYSINMONTH                   \TIME.C                           127
   ctime                           \TIME.C                           434
   gmtime                          \TIME.C                           470
   __R6K_PLL_H                     \PLL.LIB                           27
   __DKENTRY_LIB                   \DKENTRY.LIB                        2
   __DKCOMMON_LIB                  \DKCOMMON.LIB                       2
   __DKCORE_LIB                    \DKCORE.LIB                         2
   TC_TYPE_DEBUG                   \DKCORE.LIB                        13
   TC_DEBUG_NOREQUEST              \DKCORE.LIB                        15
   TC_DEBUG_SINGLESTEP             \DKCORE.LIB                        16
   TC_DEBUG_TOGGLEBREAKPOINT       \DKCORE.LIB                        17
   TC_DEBUG_CLEARBREAKPOINTS       \DKCORE.LIB                        18
   TC_DEBUG_TOGGLEALLBREAKPOINTS   \DKCORE.LIB                        19
   TC_DEBUG_ATBREAKPOINT           \DKCORE.LIB                        20
   TC_DEBUG_STARTPROGRAM           \DKCORE.LIB                        21
   TC_DEBUG_RUNPROGRAM             \DKCORE.LIB                        22
   TC_DEBUG_STOPPROGRAM            \DKCORE.LIB                        23
   TC_DEBUG_ADDWATCH               \DKCORE.LIB                        24
   TC_DEBUG_DELETEWATCH            \DKCORE.LIB                        25
   TC_DEBUG_DELETEALLWATCHES       \DKCORE.LIB                        26
   TC_DEBUG_EXECWATCH              \DKCORE.LIB                        27
   TC_DEBUG_EXECALLWATCHES         \DKCORE.LIB                        28
   TC_DEBUG_SENDCHAR               \DKCORE.LIB                        29
   TC_DEBUG_RESET                  \DKCORE.LIB                        30
   TC_DEBUG_SETSENDFLAGS           \DKCORE.LIB                        31
   TC_DEBUG_REGDATA                \DKCORE.LIB                        32
   TC_DEBUG_WATCHDATA              \DKCORE.LIB                        33
   TC_DEBUG_ASMDATA                \DKCORE.LIB                        34
   TC_DEBUG_STACKDATA              \DKCORE.LIB                        35
   TC_DEBUG_STDIO                  \DKCORE.LIB                        36
   TC_DEBUG_WRITEREGDATA           \DKCORE.LIB                        37
   TC_DEBUG_STDIOCHARREADY         \DKCORE.LIB                        38
   TC_DEBUG_NOOP                   \DKCORE.LIB                        39
   TC_DEBUG_ENABLEDOPTIONS         \DKCORE.LIB                        40
   _TRACE                          \DKCORE.LIB                        87
   _TRACEON                        \DKCORE.LIB                        88
   _TRACEOFF                       \DKCORE.LIB                        89
   DK_SEND_ASM_LENGTH              \DKCORE.LIB                        93
   DKF_SEND_STACK                  \DKCORE.LIB                        95
   DKF_SEND_WATCHES                \DKCORE.LIB                        96
   DKF_SEND_ASM                    \DKCORE.LIB                        97
   DKF_SEND_REGS                   \DKCORE.LIB                        98
   DKF_SEND_STATUS                 \DKCORE.LIB                        99
   DKF_SEND_ACK                    \DKCORE.LIB                       100
   DK_ERROR_BPNOTENABLED           \DKCORE.LIB                       111
   DK_ERROR_ASMSINGLESTEPNOTENABLED \DKCORE.LIB                       112
   DK_ERROR_WATCHNOTENABLED        \DKCORE.LIB                       113
   DKF_STDIO_LOCK                  \DKCORE.LIB                       115
   DKF_GETCHAR_LOCK                \DKCORE.LIB                       116
   DKF_RESET_LOCK                  \DKCORE.LIB                       117
   DKF_DK_LOCK                     \DKCORE.LIB                       118
   DKF_GETCHARTIMEOUT_LOCK         \DKCORE.LIB                       119
   DK_STDIO_TIMEOUT                \DKCORE.LIB                       120
   DK_GETCHAR_TIMEOUT              \DKCORE.LIB                       121
   dkIOI                           \DKCORE.LIB                       123
   dkIOE                           \DKCORE.LIB                       124
   dkALTD                          \DKCORE.LIB                       125
   DK_RST20                        \DKCORE.LIB                       127
   DK_RST28                        \DKCORE.LIB                       128
   dkZZ                            \DKCORE.LIB                       135
   dkZS                            \DKCORE.LIB                       136
   dkZD                            \DKCORE.LIB                       137
   dkZT                            \DKCORE.LIB                       138
   dkSZ                            \DKCORE.LIB                       139
   dkSS                            \DKCORE.LIB                       140
   dkSD                            \DKCORE.LIB                       141
   dkST                            \DKCORE.LIB                       142
   dkDZ                            \DKCORE.LIB                       143
   dkDS                            \DKCORE.LIB                       144
   dkDD                            \DKCORE.LIB                       145
   dkDT                            \DKCORE.LIB                       146
   dkTZ                            \DKCORE.LIB                       147
   dkTS                            \DKCORE.LIB                       148
   dkTD                            \DKCORE.LIB                       149
   dkTT                            \DKCORE.LIB                       150
   DK_MAX_WATCHES                  \DKCORE.LIB                       230
   _DISABLE_DEBUG                  \DKCORE.LIB                       279
   _ENABLE_DEBUG                   \DKCORE.LIB                       280
   DKF_BP_ACTIVE                   \DKCORE.LIB                       765
   DKF_BP_DELETED                  \DKCORE.LIB                       766
   DKF_BP_CONDITIONAL              \DKCORE.LIB                       767
   DKF_BP_HARD                     \DKCORE.LIB                       768
   DKF_BP_HARDWARE                 \DKCORE.LIB                       769
   DKF_BP_HWDATAREAD               \DKCORE.LIB                       770
   DKF_BP_HWDATAWRITE              \DKCORE.LIB                       771
   DKF_BP_HWINSFETCH               \DKCORE.LIB                       772
   DKF_BP_INSERT                   \DKCORE.LIB                       775
   DKF_BP_FOUND                    \DKCORE.LIB                       776
   DKF_BP_NOTFOUND                 \DKCORE.LIB                       777
   DKF_BP_EMPTYFOUND               \DKCORE.LIB                       778
   DKF_BP_EXHAUSTED                \DKCORE.LIB                       779
   DK_MAX_BREAKPOINTS              \DKCORE.LIB                       784
   DK_BREAKPOINT_MASK              \DKCORE.LIB                       802
   DK_BxM0R                        \DKCORE.LIB                       805
   DK_BxM1R                        \DKCORE.LIB                       806
   DK_BxM2R                        \DKCORE.LIB                       807
   DK_BxCR                         \DKCORE.LIB                       809
   DK_BxA0R                        \DKCORE.LIB                       811
   DK_BxA1R                        \DKCORE.LIB                       812
   DK_BxA2R                        \DKCORE.LIB                       813
   DKF_RST_RST28                   \DKCORE.LIB                      2846
   DKF_RST_RST20                   \DKCORE.LIB                      2847
   DKF_RST_RST18                   \DKCORE.LIB                      2848
   __DKAPP_LIB                     \DKAPP.LIB                          2
   DKF_OPTIONS_BREAKPOINTS         \DKAPP.LIB                         71
   DKF_OPTIONS_ASMSINGLESTEP       \DKAPP.LIB                         72
   DKF_OPTIONS_WATCHES             \DKAPP.LIB                         73
   DK_BREAKPOINTS_ENABLED          \DKAPP.LIB                         75
   DK_ASMSINGLESTEP_ENABLED        \DKAPP.LIB                         76
   DK_WATCHES_ENABLED              \DKAPP.LIB                         77
   __COFUNC_LIB                    \COFUNC.LIB                         2
   __COSTATE_LIB                   \COSTATE.LIB                        2
   _CS_STOPPED                     \COSTATE.LIB                       17
   _CS_INIT                        \COSTATE.LIB                       18
   _CS_NORESET                     \COSTATE.LIB                       19
   _CS_INITB                       \COSTATE.LIB                       20
   EFUNCBLK                        \COSTATE.LIB                       65
   __SLICE_LIB                     \SLICE.LIB                          2
   SLICING                         \SLICE.LIB                          7
   PERIODIC_TIMERS                 \SLICE.LIB                          8
   _CBUF_H                         \CBUF.LIB                          91
   _cbuf_debug                     \CBUF.LIB                          96
   CBUF_IP                         \CBUF.LIB                         104
   CBUF_WRITE_BIT                  \CBUF.LIB                         116
   CBUF_READ_BIT                   \CBUF.LIB                         117
   CBUF_OVERHEAD                   \CBUF.LIB                         124
   __RS232_LIB                     \RS232.LIB                          2
   RS232_FAIL                      \RS232.LIB                          3
   RS232_CR                        \RS232.LIB                          4
   RS232_LF                        \RS232.LIB                          5
   RS232_BASEFREQ                  \RS232.LIB                          6
   PARAM_8BIT                      \RS232.LIB                          8
   PARAM_7BIT                      \RS232.LIB                          9
   PARAM_NOPARITY                  \RS232.LIB                         11
   PARAM_EPARITY                   \RS232.LIB                         12
   PARAM_OPARITY                   \RS232.LIB                         13
   PARAM_SPARITY                   \RS232.LIB                         14
   PARAM_MPARITY                   \RS232.LIB                         15
   PARAM_1STOP                     \RS232.LIB                         17
   PARAM_2STOP                     \RS232.LIB                         18
   SER_PARITY_ERROR                \RS232.LIB                         20
   SER_OVERRUN_ERROR               \RS232.LIB                         21
   SER_OVERFLOW_ERROR              \RS232.LIB                         22
   _rs232_debug                    \RS232.LIB                         27
   SER_PORT_A                      \RS232.LIB                        240
   SER_PORT_B                      \RS232.LIB                        241
   SER_PORT_C                      \RS232.LIB                        242
   SER_PORT_D                      \RS232.LIB                        243
   SER_PORT_E                      \RS232.LIB                        244
   SER_PORT_F                      \RS232.LIB                        245
   SER_PORT_N                      \RS232.LIB                        247
   SxDR_OFS                        \RS232.LIB                        250
   SxAR_OFS                        \RS232.LIB                        251
   SxLR_OFS                        \RS232.LIB                        252
   SxSR_OFS                        \RS232.LIB                        253
   SxCR_OFS                        \RS232.LIB                        254
   SxER_OFS                        \RS232.LIB                        255
   RS232_INT_LEVEL                 \RS232.LIB                        258
   RS232_ENTER_CRITICAL            \RS232.LIB                        275
   RS232_EXIT_CRITICAL             \RS232.LIB                        285
   SER_BIT_RTSCTS                  \RS232.LIB                        322
   SER_BIT_PARITY                  \RS232.LIB                        323
   SER_BIT_SEVENBIT                \RS232.LIB                        324
   SER_BIT_TWOSTOP                 \RS232.LIB                        325
   SER_BIT_LONGSTOP                \RS232.LIB                        326
   SER_BIT_PARITYERROR             \RS232.LIB                        327
   SER_BIT_OVERRUN                 \RS232.LIB                        328
   SER_BIT_OVERFLOW                \RS232.LIB                        329
   SER_FLAG_RTSCTS                 \RS232.LIB                        337
   SER_FLAG_PARITY                 \RS232.LIB                        338
   SER_FLAG_SEVENBIT               \RS232.LIB                        339
   SER_FLAG_TWOSTOP                \RS232.LIB                        340
   SER_FLAG_LONGSTOP               \RS232.LIB                        341
   SER_FLAG_PARITYERROR            \RS232.LIB                        342
   SER_FLAG_OVERRUN                \RS232.LIB                        343
   SER_FLAG_OVERFLOW               \RS232.LIB                        344
   SER_DMA_DIVISIONS               \RS232.LIB                        361
   SER_DMA_ON                      \RS232.LIB                        365
   SER_DMA_ISR                     \RS232.LIB                        366
   SER_DMA_BUSY                    \RS232.LIB                        367
   SER_DMA_STOP                    \RS232.LIB                        368
   SER_DMA_PPD23                   \RS232.LIB                        370
   SER_DMA_PPE23                   \RS232.LIB                        371
   SER_DMA_PPE67                   \RS232.LIB                        372
   SER_DMA_ODD                     \RS232.LIB                        374
   _CALL_                          \RS232.LIB                        410
   _READ_FLAG_                     \RS232.LIB                        414
   _CLEAR_FLAG_                    \RS232.LIB                        419
   _SET_FLAG_                      \RS232.LIB                        424
   _READ_BIT_                      \RS232.LIB                        426
   _CLEAR_BIT_                     \RS232.LIB                        427
   _SET_BIT_                       \RS232.LIB                        428
   RS232_IO                        \RS232.LIB                        434
   RS232_EXIO                      \RS232.LIB                        440
   RS232_HS                        \RS232.LIB                        446
   serXdmaOn                       \RS232.LIB                        452
   serXdmaOff                      \RS232.LIB                        453
   serXgetError                    \RS232.LIB                        455
   serXgetc                        \RS232.LIB                        456
   serXread                        \RS232.LIB                        457
   serXpeek                        \RS232.LIB                        458
   serXputc                        \RS232.LIB                        459
   serXputs                        \RS232.LIB                        460
   serXwrite                       \RS232.LIB                        461
   serXfastwrite                   \RS232.LIB                        462
   cof_serXgetc                    \RS232.LIB                        463
   cof_serXgets                    \RS232.LIB                        464
   cof_serXread                    \RS232.LIB                        465
   cof_serXputc                    \RS232.LIB                        466
   cof_serXputs                    \RS232.LIB                        467
   cof_serXwrite                   \RS232.LIB                        468
   serXflowcontrolOff              \RS232.LIB                        469
   serXparity                      \RS232.LIB                        470
   serXdatabits                    \RS232.LIB                        471
   serXrdFree                      \RS232.LIB                        472
   serXwrFree                      \RS232.LIB                        473
   serXrdUsed                      \RS232.LIB                        474
   serXwrUsed                      \RS232.LIB                        475
   serXrdFlush                     \RS232.LIB                        476
   serXwrFlush                     \RS232.LIB                        477
   serXsending                     \RS232.LIB                        478
   RS232_ECHO                      \RS232.LIB                        500
   serXrts_update                  \RS232.LIB                       4636
   __STDIO_H                       \STDIO.H                           34
   NULL                            \STDIO.H                           36
   EOF                             \STDIO.H                           41
   L_tmpnam                        \STDIO.H                           46
   TMP_MAX                         \STDIO.H                           50
   _FILE_FLAG_OPEN_READ            \STDIO.H                           61
   _FILE_FLAG_OPEN_WRITE           \STDIO.H                           62
   _FILE_FLAG_OPEN_RW              \STDIO.H                           63
   _FILE_FLAG_OPEN_APPEND          \STDIO.H                           64
   _FILE_FLAG_OPEN_BINARY          \STDIO.H                           65
   _FILE_FLAG_CAN_READ             \STDIO.H                           70
   _FILE_FLAG_CAN_WRITE            \STDIO.H                           71
   _FILE_FLAG_UNUSED1              \STDIO.H                           73
   _FILE_FLAG_UNUSED2              \STDIO.H                           74
   _FILE_FLAG_BUF_NONE             \STDIO.H                           76
   _FILE_FLAG_BUF_FULL             \STDIO.H                           77
   _FILE_FLAG_BUF_LINE             \STDIO.H                           78
   _FILE_FLAG_BUFFERED             \STDIO.H                           79
   _FILE_FLAG_BUF_NEVER            \STDIO.H                           81
   _FILE_FLAG_AUTOFLUSH            \STDIO.H                           88
   _FILE_FLAG_EOF                  \STDIO.H                           94
   _FILE_FLAG_ERROR                \STDIO.H                           95
   _FILE_FLAG_USED                 \STDIO.H                           96
   _FILE_FLAG_OPEN                 \STDIO.H                           97
   _STDIO_UNGET_BYTES              \STDIO.H                          138
   FOPEN_MAX                       \STDIO.H                          174
   stdin                           \STDIO.H                          179
   stdout                          \STDIO.H                          180
   stderr                          \STDIO.H                          181
   FILENAME_MAX                    \STDIO.H                          185
   BUFSIZ                          \STDIO.H                          237
   _IOFBF                          \STDIO.H                          241
   _IOLBF                          \STDIO.H                          242
   _IONBF                          \STDIO.H                          243
   SEEK_SET                        \STDIO.H                          252
   SEEK_CUR                        \STDIO.H                          253
   SEEK_END                        \STDIO.H                          254
   __STDIO_LOOP                    \STDIO.H                          355
   _stdio_debug                    \STDIO.C                           46
   _STDIO_FILE_UPDATE_CAN_RW       \STDIO.C                           53
   _STDIO_FILE_INVALID             \STDIO.C                          225
   fsetpos                         \STDIO.C                         1024
   _stream_can_read                \STDIO.C                         1193
   _stream_can_write               \STDIO.C                         1194
   getchar                         \STDIO.C                         1434
   putchar                         \STDIO.C                         1936
   _stdio_fat_debug                \STDIO_FAT.C                       37
   _downcast_FATfile               \STDIO_FAT.C                       43
   fopen                           \STDIO_FAT.C                       49
   _stdio_serial_debug             \STDIO_SERIAL.C                    34
   serXstream                      \STDIO_SERIAL.C                    39
   __STDARG_H                      \STDARG.H                          55
   va_start                        \STDARG.H                          60
   va_arg                          \STDARG.H                          66
   va_end                          \STDARG.H                          69
   va_copy                         \STDARG.H                          72
   _stdio_printf_debug             \STDIO_PRINTF.C                    31
   vprintf                         \STDIO_PRINTF.C                   326
   _stdio_scanf_debug              \STDIO_SCANF.C                     31
   __STDIO_SCANF_H                 \STDIO_SCANF.C                    252
   _SCANF_GET                      \STDIO_SCANF.C                    261
   _SCANF_FLAG_NONE                \STDIO_SCANF.C                    273
   _SCANF_FLAG_NOASSIGN            \STDIO_SCANF.C                    274
   _SCANF_FLAG_ALLOC               \STDIO_SCANF.C                    275
   _SCANF_FLAG_CHAR                \STDIO_SCANF.C                    276
   _SCANF_FLAG_SHORT               \STDIO_SCANF.C                    277
   _SCANF_FLAG_LONG                \STDIO_SCANF.C                    278
   _SCANF_FLAG_LONGLONG            \STDIO_SCANF.C                    279
   _SCANF_FLAG_FAR                 \STDIO_SCANF.C                    281
   _SCANF_FLAG_ALLFAR              \STDIO_SCANF.C                    282
   _SCANF_FLAG_FINISH              \STDIO_SCANF.C                    284
   _SCANF_GLOBAL_FLAGS             \STDIO_SCANF.C                    287
   vfscanf                         \STDIO_SCANF.C                   1113
   vscanf                          \STDIO_SCANF.C                   1131
   vsscanf                         \STDIO_SCANF.C                   1189
   _stdio_dk_debug                 \STDIO_DK.C                        32
   __STDIO_LIB                     \STDIO.LIB                          2
   __STDIO_LIB_VERSION             \STDIO.LIB                          6
   DEFDECDIGITS                    \STDIO.LIB                         21
   _CALL_PUTC_FUNC                 \STDIO.LIB                         28
   _DOPRNT_FLAG_LEFT_JUSTIFY       \STDIO.LIB                        391
   _DOPRNT_FLAG_SIGN_ALWAYS        \STDIO.LIB                        392
   _DOPRNT_FLAG_SIGN_SPACE         \STDIO.LIB                        393
   _DOPRNT_FLAG_ALTERNATE          \STDIO.LIB                        394
   _DOPRNT_FLAG_LEADING_ZEROS      \STDIO.LIB                        395
   _DOPRNT_FLAG_INT                \STDIO.LIB                        397
   _DOPRNT_FLAG_CHAR               \STDIO.LIB                        398
   _DOPRNT_FLAG_SHORT              \STDIO.LIB                        399
   _DOPRNT_FLAG_LONG               \STDIO.LIB                        400
   _DOPRNT_FLAG_LONGLONG           \STDIO.LIB                        401
   _DOPRNT_FLAG_ANYLONG            \STDIO.LIB                        402
   _DOPRNT_FLAG_FAR                \STDIO.LIB                        403
   _DOPRNT_FLAG_PARSED             \STDIO.LIB                        405
   xmem_dump                       \STDIO.LIB                       2373
   __STDLIB_H                      \STDLIB.H                          29
   strtod                          \STDLIB.H                          40
   strtol                          \STDLIB.H                          41
   strtoul                         \STDLIB.H                          42
   qsort                           \STDLIB.H                          43
   bsearch                         \STDLIB.H                          44
   _n_atof                         \STDLIB.H                          48
   _f_atof                         \STDLIB.H                          49
   _n_atoi                         \STDLIB.H                          50
   _f_atoi                         \STDLIB.H                          51
   _n_atol                         \STDLIB.H                          52
   _f_atol                         \STDLIB.H                          53
   NULL                            \STDLIB.H                          56
   RAND_MAX                        \STDLIB.H                          79
   EXIT_FAILURE                    \STDLIB.H                          98
   EXIT_SUCCESS                    \STDLIB.H                          99
   _ATEXIT_FUNC_COUNT              \STDLIB.H                         104
   __abort                         \STDLIB.H                         112
   MB_CUR_MAX                      \STDLIB.H                         155
   _stdlib_debug                   \STDLIB.C                          28
   atof                            \STDLIB.C                         858
   atoi                            \STDLIB.C                         885
   atol                            \STDLIB.C                         909
   MALLOC_H_Incl                   \MALLOC.LIB                       503
   __static                        \MALLOC.LIB                       508
   _malloc_debug                   \MALLOC.LIB                       514
   _SYS_MALLOC_BLOCKS              \MALLOC.LIB                       523
   _APP_MALLOC_BLOCKS              \MALLOC.LIB                       527
   _MALLOC_SYS_EXIT_ON_ERROR       \MALLOC.LIB                       540
   _MALLOC_APP_EXIT_ON_ERROR       \MALLOC.LIB                       544
   _MALLOC_SYS_MEM_TYPE            \MALLOC.LIB                       554
   _MALLOC_APP_MEM_TYPE            \MALLOC.LIB                       558
   USE_DL_PREFIX                   \MALLOC.LIB                       572
   MORECORE                        \MALLOC.LIB                       573
   NO_SEGMENT_TRAVERSAL            \MALLOC.LIB                       574
   MALLOC_PAGESIZE                 \MALLOC.LIB                       575
   NO_MALLINFO                     \MALLOC.LIB                       576
   USE_LOCK_BIT                    \MALLOC.LIB                       579
   INITIAL_LOCK                    \MALLOC.LIB                       580
   MAX_SIZE_T                      \MALLOC.LIB                       587
   MALLOC_ALIGNMENT                \MALLOC.LIB                       589
   MALLOC_FOOTERS                  \MALLOC.LIB                       591
   MALLOC_ABORT                    \MALLOC.LIB                       594
   ABORT_ON_ASSERT_FAILURE         \MALLOC.LIB                       597
   PROCEED_ON_ERROR                \MALLOC.LIB                       600
   MALLOC_USE_LOCKS                \MALLOC.LIB                       603
   MALLOC_NO_CHECK                 \MALLOC.LIB                       606
   MALLOC_FAILURE_ACTION           \MALLOC.LIB                       613
   USE_BUILTIN_FFS                 \MALLOC.LIB                       617
   USE_DEV_RANDOM                  \MALLOC.LIB                       620
   MALLINFO_FIELD_TYPE             \MALLOC.LIB                       623
   M_GRANULARITY                   \MALLOC.LIB                       636
   CORRUPTION_ERROR_ACTION         \MALLOC.LIB                       649
   USAGE_ERROR_ACTION              \MALLOC.LIB                       653
   _malloc_assert                  \MALLOC.LIB                       666
   SIZE_T_SIZE                     \MALLOC.LIB                       676
   SIZE_T_BITSIZE                  \MALLOC.LIB                       677
   SIZE_T_ZERO                     \MALLOC.LIB                       681
   SIZE_T_ONE                      \MALLOC.LIB                       682
   SIZE_T_TWO                      \MALLOC.LIB                       683
   SIZE_T_FOUR                     \MALLOC.LIB                       684
   TWO_SIZE_T_SIZES                \MALLOC.LIB                       685
   FOUR_SIZE_T_SIZES               \MALLOC.LIB                       686
   SIX_SIZE_T_SIZES                \MALLOC.LIB                       687
   HALF_MAX_SIZE_T                 \MALLOC.LIB                       688
   CHUNK_ALIGN_MASK                \MALLOC.LIB                       691
   is_aligned                      \MALLOC.LIB                       696
   align_offset                    \MALLOC.LIB                       703
   MFAIL                           \MALLOC.LIB                       709
   CMFAIL                          \MALLOC.LIB                       710
   CALL_MORECORE                   \MALLOC.LIB                       714
   USE_NONCONTIGUOUS_BIT           \MALLOC.LIB                       717
   MALLOC_EXTERN_BIT               \MALLOC.LIB                       720
   MCHUNK_SIZE                     \MALLOC.LIB                       869
   CHUNK_OVERHEAD                  \MALLOC.LIB                       874
   MIN_CHUNK_SIZE                  \MALLOC.LIB                       880
   chunk2mem                       \MALLOC.LIB                       883
   mem2chunk                       \MALLOC.LIB                       884
   align_as_chunk                  \MALLOC.LIB                       886
   MAX_REQUEST                     \MALLOC.LIB                       889
   MIN_REQUEST                     \MALLOC.LIB                       890
   pad_request                     \MALLOC.LIB                       894
   request2size                    \MALLOC.LIB                       898
   PINUSE_BIT                      \MALLOC.LIB                       911
   CINUSE_BIT                      \MALLOC.LIB                       912
   FLAG4_BIT                       \MALLOC.LIB                       913
   INUSE_BITS                      \MALLOC.LIB                       914
   FLAG_BITS                       \MALLOC.LIB                       915
   FENCEPOST_HEAD                  \MALLOC.LIB                       918
   cinuse                          \MALLOC.LIB                       921
   pinuse                          \MALLOC.LIB                       922
   chunksize                       \MALLOC.LIB                       923
   clear_pinuse                    \MALLOC.LIB                       925
   clear_cinuse                    \MALLOC.LIB                       926
   chunk_plus_offset               \MALLOC.LIB                       929
   chunk_minus_offset              \MALLOC.LIB                       930
   next_chunk                      \MALLOC.LIB                       933
   prev_chunk                      \MALLOC.LIB                       934
   next_pinuse                     \MALLOC.LIB                       937
   get_foot                        \MALLOC.LIB                       940
   set_foot                        \MALLOC.LIB                       941
   set_size_and_pinuse_of_free_chunk \MALLOC.LIB                       945
   set_free_with_pinuse            \MALLOC.LIB                       949
   overhead_for                    \MALLOC.LIB                       953
   MALLOC_LEFTMOST_CHILD           \MALLOC.LIB                      1067
   MALLOC_IS_EXT_SEG               \MALLOC.LIB                      1115
   NSMALLBINS                      \MALLOC.LIB                      1203
   NTREEBINS                       \MALLOC.LIB                      1204
   SMALLBIN_SHIFT                  \MALLOC.LIB                      1205
   SMALLBIN_WIDTH                  \MALLOC.LIB                      1206
   TREEBIN_SHIFT                   \MALLOC.LIB                      1207
   MIN_LARGE_SIZE                  \MALLOC.LIB                      1208
   MAX_SMALL_SIZE                  \MALLOC.LIB                      1209
   MAX_SMALL_REQUEST               \MALLOC.LIB                      1210
   _MALLOC_INC_CURR                \MALLOC.LIB                      1248
   _MALLOC_DEC_CURR                \MALLOC.LIB                      1249
   is_initialized                  \MALLOC.LIB                      1274
   use_lock                        \MALLOC.LIB                      1280
   enable_lock                     \MALLOC.LIB                      1281
   disable_lock                    \MALLOC.LIB                      1282
   use_noncontiguous               \MALLOC.LIB                      1285
   disable_contiguous              \MALLOC.LIB                      1286
   set_lock                        \MALLOC.LIB                      1291
   page_align                      \MALLOC.LIB                      1295
   segment_holds                   \MALLOC.LIB                      1301
   should_trim                     \MALLOC.LIB                      1347
   TOP_FOOT_SIZE                   \MALLOC.LIB                      1356
   MALLOC_PRE_ACTION               \MALLOC.LIB                      1378
   MALLOC_POST_ACTION              \MALLOC.LIB                      1382
   check_free_chunk                \MALLOC.LIB                      1392
   check_inuse_chunk               \MALLOC.LIB                      1393
   check_malloced_chunk            \MALLOC.LIB                      1394
   check_malloc_state              \MALLOC.LIB                      1395
   check_top_chunk                 \MALLOC.LIB                      1396
   is_small                        \MALLOC.LIB                      1409
   small_index                     \MALLOC.LIB                      1410
   small_index2size                \MALLOC.LIB                      1411
   MIN_SMALL_INDEX                 \MALLOC.LIB                      1412
   smallbin_at                     \MALLOC.LIB                      1415
   treebin_at                      \MALLOC.LIB                      1416
   bit_for_tree_index              \MALLOC.LIB                      1449
   leftshift_for_tree_index        \MALLOC.LIB                      1454
   minsize_for_tree_index          \MALLOC.LIB                      1459
   idx2bit                         \MALLOC.LIB                      1465
   mark_smallmap                   \MALLOC.LIB                      1468
   clear_smallmap                  \MALLOC.LIB                      1469
   smallmap_is_marked              \MALLOC.LIB                      1470
   mark_treemap                    \MALLOC.LIB                      1472
   clear_treemap                   \MALLOC.LIB                      1473
   treemap_is_marked               \MALLOC.LIB                      1474
   least_bit                       \MALLOC.LIB                      1499
   left_bits                       \MALLOC.LIB                      1502
   same_or_left_bits               \MALLOC.LIB                      1505
   ok_address                      \MALLOC.LIB                      1538
   ok_next                         \MALLOC.LIB                      1540
   ok_cinuse                       \MALLOC.LIB                      1542
   ok_pinuse                       \MALLOC.LIB                      1544
   ok_magic                        \MALLOC.LIB                      1557
   RTCHECK                         \MALLOC.LIB                      1563
   mark_inuse_foot                 \MALLOC.LIB                      1572
   set_inuse                       \MALLOC.LIB                      1577
   set_inuse_and_pinuse            \MALLOC.LIB                      1582
   set_size_and_pinuse_of_inuse_chunk \MALLOC.LIB                      1586
   ACQUIRE_MAGIC_INIT_LOCK         \MALLOC.LIB                      1620
   RELEASE_MAGIC_INIT_LOCK         \MALLOC.LIB                      1621
   internal_malloc                 \MALLOC.LIB                      2337
   internal_free                   \MALLOC.LIB                      2338
   ACQUIRE_MORECORE_LOCK           \MALLOC.LIB                      2512
   RELEASE_MORECORE_LOCK           \MALLOC.LIB                      2513
   _sys_malloc                     \MALLOC.LIB                      3770
   _sys_calloc                     \MALLOC.LIB                      3771
   _sys_realloc                    \MALLOC.LIB                      3772
   _sys_free                       \MALLOC.LIB                      3773
   __STRING_H                      \STRING.H                          29
   memcpy                          \STRING.H                          48
   memmove                         \STRING.H                          49
   strcpy                          \STRING.H                          50
   strncpy                         \STRING.H                          51
   strcat                          \STRING.H                          52
   strncat                         \STRING.H                          53
   memchr                          \STRING.H                          54
   strchr                          \STRING.H                          55
   strpbrk                         \STRING.H                          56
   strrchr                         \STRING.H                          57
   strstr                          \STRING.H                          58
   strtok                          \STRING.H                          59
   memset                          \STRING.H                          60
   _f_memcmp                       \STRING.H                          67
   _f_strcmp                       \STRING.H                          68
   _f_strncmp                      \STRING.H                          69
   _f_strlen                       \STRING.H                          70
   _f_strspn                       \STRING.H                          71
   _f_strcspn                      \STRING.H                          72
   _n_memcmp                       \STRING.H                          74
   _n_strcmp                       \STRING.H                          75
   _n_strncmp                      \STRING.H                          76
   _n_strlen                       \STRING.H                          77
   _n_strspn                       \STRING.H                          78
   _n_strcspn                      \STRING.H                          79
   NULL                            \STRING.H                          82
   _string_debug                   \STRING.C                          30
   strcoll                         \STRING.C                        1428
   __STRINGS_H                     \STRINGS.H                         29
   __STRING_LIB                    \STRING.LIB                         2
   __CTYPE_H                       \CTYPE.H                           29
   _LOWER                          \CTYPE.C                           33
   _UPPER                          \CTYPE.C                           34
   _DIGIT                          \CTYPE.C                           35
   _XDIGIT                         \CTYPE.C                           36
   _PUNCT                          \CTYPE.C                           37
   _CNTRL                          \CTYPE.C                           38
   _PRINT                          \CTYPE.C                           39
   _SPACE                          \CTYPE.C                           40
   strcasecmp                      \STRING.LIB                       371
   _f_strcmpi                      \STRING.LIB                       393
   _n_strcmpi                      \STRING.LIB                       394
   strncasecmp                     \STRING.LIB                       457
   _f_strncmpi                     \STRING.LIB                       480
   _n_strncmpi                     \STRING.LIB                       481
   __RTCLOCK_LIB                   \RTCLOCK.LIB                        3
   _mktm_date                      \RTCLOCK.LIB                      199
   __VDRIVER_LIB                   \VDRIVER.LIB                        2
   _vd_debug                       \VDRIVER.LIB                        8
   N_WATCHDOG                      \VDRIVER.LIB                       27
   WD_UNUSED                       \VDRIVER.LIB                       30
   __STDVDRIVER_LIB                \STDVDRIVER.LIB                     9
   _SET_TIMEOUT                    \STDVDRIVER.LIB                    76
   _CHK_TIMEOUT                    \STDVDRIVER.LIB                    77
   _SET_SHORT_TIMEOUT              \STDVDRIVER.LIB                    78
   _CHK_SHORT_TIMEOUT              \STDVDRIVER.LIB                    79
   __PROGRAM_LIB                   \PROGRAM.LIB                       12
   _program_debug                  \PROGRAM.LIB                       15
   mem_debug                       \MEM.LIB                            5
   XALLOC_ANY                      \MEM.LIB                           12
   XALLOC_BB                       \MEM.LIB                           13
   XALLOC_NOTBB                    \MEM.LIB                           14
   XALLOC_MAYBBB                   \MEM.LIB                           15
   USER_XALLOC_END                 \MEM.LIB                           72
   USER_XALLOC_START               \MEM.LIB                           76
   SYSTEM_XALLOC_END               \MEM.LIB                           77
   __STACK_LIB                     \STACK.LIB                          2
   _stack_debug                    \STACK.LIB                          5
   Get_Stack_Size                  \STACK.LIB                          8
   XALLOC_ANY                      \STACK.LIB                        199
   XALLOC_BB                       \STACK.LIB                        200
   XALLOC_NOTBB                    \STACK.LIB                        201
   XALLOC_MAYBBB                   \STACK.LIB                        202
   RAMEND                          \STACK.LIB                        215
   _TOS_TCSYSBUF                   \STACK.LIB                        217
   FS2_RAM_PHYS                    \STACK.LIB                        219
   _SOS_USERDATABLOCK              \STACK.LIB                        221
   DATASIZE                        \STACK.LIB                        223
   STACKPOOLCOUNT                  \STACK.LIB                        286
   __XMEM                          \XMEM.LIB                           2
   _xmem_debug                     \XMEM.LIB                           5
   _LIN2SEG                        \XMEM.H                            35
   _GEN_LIN2SEG                    \XMEM.H                            79
   _XMEM_MVC                       \XMEM.H                            87
   _XMEM_MVC_IOE2MEM               \XMEM.H                            92
   _XMEM_MVC_IOI2MEM               \XMEM.H                            93
   _XMEM_MVC_MEM2IOE               \XMEM.H                            94
   _XMEM_MVC_MEM2IOI               \XMEM.H                            95
   _XMEM_CLC                       \XMEM.H                           107
   _IOELSIDR                       \XMEM.H                           109
   _IOILSIDR                       \XMEM.H                           110
   _IOELDISR                       \XMEM.H                           111
   _IOILDISR                       \XMEM.H                           112
   _lin2seg                        \XMEM.LIB                          15
   root2xmem                       \XMEM.LIB                          75
   xmem2root                       \XMEM.LIB                         107
   xavail                          \XMEM.LIB                         192
   paddrDS                         \XMEM.LIB                         525
   paddrSS                         \XMEM.LIB                         546
   xstrlen                         \XMEM.LIB                         563
   xmemset                         \XMEM.LIB                         585
   xmemchr                         \XMEM.LIB                         609
   xmemcmp                         \XMEM.LIB                         631
   xgetint                         \XMEM.LIB                         665
   xsetint                         \XMEM.LIB                         698
   xgetlong                        \XMEM.LIB                         753
   xgetfloat                       \XMEM.LIB                         754
   xsetlong                        \XMEM.LIB                         809
   xsetfloat                       \XMEM.LIB                         810
   assert                          \ASSERT.H                          47
   __DC_ASSERT_LIB                 \ASSERT.C                          29
   __STDIO_LOOP                    \STDIO.H                          355
   _stdio_debug                    \STDIO.C                           46
   _STDIO_FILE_UPDATE_CAN_RW       \STDIO.C                           53
   _STDIO_FILE_INVALID             \STDIO.C                          225
   fsetpos                         \STDIO.C                         1024
   _stream_can_read                \STDIO.C                         1193
   _stream_can_write               \STDIO.C                         1194
   getchar                         \STDIO.C                         1434
   putchar                         \STDIO.C                         1936
   _stdio_fat_debug                \STDIO_FAT.C                       37
   _downcast_FATfile               \STDIO_FAT.C                       43
   fopen                           \STDIO_FAT.C                       49
   _stdio_serial_debug             \STDIO_SERIAL.C                    34
   serXstream                      \STDIO_SERIAL.C                    39
   _stdio_printf_debug             \STDIO_PRINTF.C                    31
   vprintf                         \STDIO_PRINTF.C                   326
   _stdio_scanf_debug              \STDIO_SCANF.C                     31
   vfscanf                         \STDIO_SCANF.C                   1113
   vscanf                          \STDIO_SCANF.C                   1131
   vsscanf                         \STDIO_SCANF.C                   1189
   _stdio_dk_debug                 \STDIO_DK.C                        32
   XALLOC_ANY                      \MEM.LIB                           12
   XALLOC_BB                       \MEM.LIB                           13
   XALLOC_NOTBB                    \MEM.LIB                           14
   XALLOC_MAYBBB                   \MEM.LIB                           15
   USER_XALLOC_END                 \MEM.LIB                           72
   USER_XALLOC_START               \MEM.LIB                           76
   SYSTEM_XALLOC_END               \MEM.LIB                           77
   assert                          \ASSERT.H                          47
   IDLE_MODE                       \DECODFECB.C                        2
   SCAN_MODE                       \DECODFECB.C                        3
   MEAN_MODE                       \DECODFECB.C                        4
   LIMITS_MODE                     \DECODFECB.C                        5


// Function call graph.
No call graph information available.
